// Vitest Snapshot v1, https://vitest.dev/guide/snapshot.html

exports[`<Account> > renders and matches snapshot 1`] = `
<div>
  <div
    class="_loadingOverlay_eb61cb _inline_eb61cb"
  >
    <div
      class="_buffer_d122df"
    >
      <div />
      <div />
      <div />
      <div />
    </div>
  </div>
</div>
`;
