// Vitest Snapshot v1, https://vitest.dev/guide/snapshot.html

exports[`<DemoConfigDialog> > renders and matches snapshot 1`] = `
<div>
  <div
    class="_note_561a54"
  >
    <div>
      currently_previewing_config
    </div>
    <button
      class="_button_711ff2 _default_711ff2 _text_711ff2"
    >
      <span>
        click_to_unselect_config
      </span>
    </button>
  </div>
</div>
`;

exports[`<DemoConfigDialog> > renders and matches snapshot error dialog 1`] = `
<div>
  <div
    class="_configModal_561a54"
  >
    <div
      class="_errorPage_6dfe53"
    >
      <div
        class="_box_6dfe53"
      >
        <img
          alt="Logo"
          class="_image_6dfe53"
          src="/images/logo.png"
        />
        <header>
          <h1
            class="_title_6dfe53"
          >
            app_config_not_found
          </h1>
        </header>
        <main
          class="_main_6dfe53"
        >
          <form
            method="GET"
            target="/"
          >
            <div
              class="_textField_800986 _error_800986 _maxWidth_561a54"
            >
              <label
                class="_label_800986"
                for="text-field_1235_app-config"
              />
              <div
                class="_container_800986"
              >
                <input
                  autocapitalize="none"
                  class="_input_800986"
                  id="text-field_1235_app-config"
                  maxlength="8"
                  name="app-config"
                  placeholder="please_enter_config_id"
                  required=""
                  type="text"
                  value="aaaaaaaa"
                />
              </div>
              <div
                class="_helperText_67978e _error_67978e"
              >
                <span>
                  smth
                  <br />
                  <br />
                  <a>
                    Show Stack Trace
                  </a>
                </span>
              </div>
            </div>
            <div
              class="_controls_561a54"
            >
              <button
                aria-disabled="false"
                class="_button_711ff2 _default_711ff2 _outlined_711ff2"
                type="submit"
              >
                <span>
                  submit_config_id
                </span>
              </button>
              <button
                aria-disabled="false"
                class="_button_711ff2 _default_711ff2 _outlined_711ff2"
              >
                <span>
                  cancel_config_id
                </span>
              </button>
            </div>
          </form>
          <p>
            use_the_jwp_dashboard
          </p>
          <p>
            demo_note
          </p>
          <p
            class="_links_6dfe53"
          >
            <a
              href="https://docs.jwplayer.com/platform/docs/ott-create-an-app-config"
              rel="noreferrer"
              target="_blank"
            >
              app_config_learn_more
            </a>
            <span
              class="_stack_6dfe53"
            >
              <a>
                Show Stack Trace
              </a>
            </span>
          </p>
        </main>
      </div>
    </div>
  </div>
</div>
`;
