// Vitest Snapshot v1, https://vitest.dev/guide/snapshot.html

exports[`<UserMenu> > renders and matches snapshot 1`] = `
<div>
  <h2>
    Unexpected Application Error!
  </h2>
  <h3
    style="font-style: italic;"
  >
    Cannot destructure property 'authState' of '__vite_ssr_import_5__.useOktaAuth(...)' as it is null.
  </h3>
  <pre
    style="padding: 0.5rem; background-color: rgba(200, 200, 200, 0.5);"
  >
    TypeError: Cannot destructure property 'authState' of '__vite_ssr_import_5__.useOktaAuth(...)' as it is null.
    at UserMenu (/Users/kire.mitrov/projects/jw/ott-web-app/src/components/UserMenu/UserMenu.tsx:35:11)
    at renderWithHooks (/Users/kire.mitrov/projects/jw/ott-web-app/node_modules/react-dom/cjs/react-dom.development.js:16305:18)
    at mountIndeterminateComponent (/Users/kire.mitrov/projects/jw/ott-web-app/node_modules/react-dom/cjs/react-dom.development.js:20074:13)
    at beginWork (/Users/kire.mitrov/projects/jw/ott-web-app/node_modules/react-dom/cjs/react-dom.development.js:21587:16)
    at beginWork$1 (/Users/kire.mitrov/projects/jw/ott-web-app/node_modules/react-dom/cjs/react-dom.development.js:27426:14)
    at performUnitOfWork (/Users/kire.mitrov/projects/jw/ott-web-app/node_modules/react-dom/cjs/react-dom.development.js:26560:12)
    at workLoopSync (/Users/kire.mitrov/projects/jw/ott-web-app/node_modules/react-dom/cjs/react-dom.development.js:26466:5)
    at renderRootSync (/Users/kire.mitrov/projects/jw/ott-web-app/node_modules/react-dom/cjs/react-dom.development.js:26434:7)
    at recoverFromConcurrentError (/Users/kire.mitrov/projects/jw/ott-web-app/node_modules/react-dom/cjs/react-dom.development.js:25850:20)
    at performConcurrentWorkOnRoot (/Users/kire.mitrov/projects/jw/ott-web-app/node_modules/react-dom/cjs/react-dom.development.js:25750:22)
  </pre>
  <p>
    ðŸ’¿ Hey developer ðŸ‘‹
  </p>
  <p>
    You can provide a way better UX than this when your app throws errors by providing your own 
    <code
      style="padding: 2px 4px; background-color: rgba(200, 200, 200, 0.5);"
    >
      ErrorBoundary
    </code>
     or
     
    <code
      style="padding: 2px 4px; background-color: rgba(200, 200, 200, 0.5);"
    >
      errorElement
    </code>
     prop on your route.
  </p>
</div>
`;
